MSC Name	OMC Name	BSS Name	Site Name
YYY	ABCDEFG	TT_00_4W	SiteName
